line: 4, 12a  user-defined literal not found or unappropriate
